python : Traceback (most recent call last):
No linha:1 caractere:1
+ python test_templates.py > test_output.txt 2>&1 ; type test_output.tx ...
+ ~~~~~~~~~~~~~~~~~~~~~~~~~~~~~~~~~~~~~~~~~~~~~~~
    + CategoryInfo          : NotSpecified: (Traceback (most recent call last):: 
   String) [], RemoteException
    + FullyQualifiedErrorId : NativeCommandError
 
  File "C:\PROJETOS\Python\MetaDeLeitura\test_templates.py", line 15, in <module>
    user = User.query.first()
           ^^^^^^^^^^
  File "C:\PROJETOS\Python\MetaDeLeitura\venv\Lib\site-packages\flask_sqlalchemy\
model.py", line 31, in __get__
    cls, session=cls.__fsa__.session()  # type: ignore[arg-type]
                 ^^^^^^^^^^^^^^^^^^^^^
  File "C:\PROJETOS\Python\MetaDeLeitura\venv\Lib\site-packages\sqlalchemy\orm\sc
oping.py", line 218, in __call__
    sess = self.registry()
           ^^^^^^^^^^^^^^^
  File "C:\PROJETOS\Python\MetaDeLeitura\venv\Lib\site-packages\sqlalchemy\util\_
collections.py", line 634, in __call__
    key = self.scopefunc()
          ^^^^^^^^^^^^^^^^
  File "C:\PROJETOS\Python\MetaDeLeitura\venv\Lib\site-packages\flask_sqlalchemy\
session.py", line 102, in _app_ctx_id
    return id(app_ctx._get_current_object())  # type: ignore[attr-defined]
              ^^^^^^^^^^^^^^^^^^^^^^^^^^^^^
  File 
"C:\PROJETOS\Python\MetaDeLeitura\venv\Lib\site-packages\werkzeug\local.py", 
line 508, in _get_current_object
    raise RuntimeError(unbound_message) from None
RuntimeError: Working outside of application context.

This typically means that you attempted to use functionality that needed
the current application. To solve this, set up an application context
with app.app_context(). See the documentation for more information.
